Reading netlist file: "C:\Users\Louis\Desktop\fpga\ VideoProc\impl\gwsynthesis\VideoProc.vg"
Parsing netlist file "C:\Users\Louis\Desktop\fpga\ VideoProc\impl\gwsynthesis\VideoProc.vg" completed
Processing netlist completed
Reading constraint file: "C:\Users\Louis\Desktop\fpga\ VideoProc\src\ VideoProc.cst"
Physical Constraint parsed completed
Running placement......
[10%] Placement Phase 0 completed
[20%] Placement Phase 1 completed
[30%] Placement Phase 2 completed
[50%] Placement Phase 3 completed
Running routing......
[60%] Routing Phase 0 completed
[70%] Routing Phase 1 completed
[80%] Routing Phase 2 completed
[90%] Routing Phase 3 completed
Running timing analysis......
[95%] Timing analysis completed
Placement and routing completed
Bitstream generation in progress......
Bitstream generation completed
Running power analysis......
[100%] Power analysis completed
Generate file "C:\Users\Louis\Desktop\fpga\ VideoProc\impl\pnr\VideoProc.power.html" completed
Generate file "C:\Users\Louis\Desktop\fpga\ VideoProc\impl\pnr\VideoProc.pin.html" completed
Generate file "C:\Users\Louis\Desktop\fpga\ VideoProc\impl\pnr\VideoProc.rpt.html" completed
Generate file "C:\Users\Louis\Desktop\fpga\ VideoProc\impl\pnr\VideoProc.rpt.txt" completed
Generate file "C:\Users\Louis\Desktop\fpga\ VideoProc\impl\pnr\VideoProc.tr.html" completed
Thu Sep 10 21:01:27 2026

